00:00 +0: loading C:/Users/shant/AndroidStudioProjects/flutter_firebase_test/test/widget_test.dart
flutter : 
test/widget_test.dart:16:35: 
Error: Couldn't find 
constructor 'MyApp'.
At line:1 char:1
+ flutter test > 
test_output.txt 2>&1
+ ~~~~~~~~~~~~~~~~~~~~~~~~~~~
~~~~~~~~
    + CategoryInfo           
   : NotSpecified: (test/wi  
  dget_tes...ructor 'MyApp   
 '.:String) [], RemoteExc    
eption
    + FullyQualifiedErrorId  
   : NativeCommandError
 
    await 
tester.pumpWidget(const 
MyApp());
                             
     ^^^^^
lib/notification_service.dart
:21:36: Error: Too many 
positional arguments: 0 
allowed, but 1 found.
Try removing the extra 
positional arguments.
    await _notifications.init
ialize(settings);
                             
      ^
lib/notification_service.dart
:118:11: Error: Undefined 
name 'UILocalNotificationDate
Interpretation'.
          UILocalNotification
DateInterpretation.absoluteTi
me,
          ^^^^^^^^^^^^^^^^^^^
^^^^^^^^^^^^^^^^^^
lib/notification_service.dart
:101:39: Error: Too many 
positional arguments: 0 
allowed, but 5 found.
Try removing the extra 
positional arguments.
    await 
_notifications.zonedSchedule(
                             
         ^
00:00 +0 -1: loading C:/Users/shant/AndroidStudioProjects/flutter_firebase_test/test/widget_test.dart [E]
  Failed to load "C:/Users/shant/AndroidStudioProjects/flutter_firebase_test/test/widget_test.dart":
  Compilation failed for testPath=C:/Users/shant/AndroidStudioProjects/flutter_firebase_test/test/widget_test.dart: test/widget_test.dart:16:35: Error: Couldn't find constructor 'MyApp'.
      await tester.pumpWidget(const MyApp());
                                    ^^^^^
  lib/notification_service.dart:21:36: Error: Too many positional arguments: 0 allowed, but 1 found.
  Try removing the extra positional arguments.
      await _notifications.initialize(settings);
                                     ^
  lib/notification_service.dart:118:11: Error: Undefined name 'UILocalNotificationDateInterpretation'.
            UILocalNotificationDateInterpretation.absoluteTime,
            ^^^^^^^^^^^^^^^^^^^^^^^^^^^^^^^^^^^^^
  lib/notification_service.dart:101:39: Error: Too many positional arguments: 0 allowed, but 5 found.
  Try removing the extra positional arguments.
      await _notifications.zonedSchedule(
                                        ^
  .
00:00 +0 -1: Some tests failed.
